1514776500,41.06957425
1514777400,39.18527551
1514778300,36.97590795
1514779200,36.78263027
1514780100,49.43367554
1514781000,48.80261789
1514781900,51.15299116
1514782800,45.95937526
1514783700,46.95622705
1514784600,49.30601223
1514785500,48.11362911
1514786400,59.56561346
1514787300,62.20877563
1514788200,61.00099766
1514789100,65.20443743
1514790000,60.47937036
1514790900,54.49510067